Resolving dependencies...
Downloading packages...
  file_picker 8.3.7 (10.3.10 available)
  flutter_lints 4.0.0 (6.0.0 available)
  flutter_secure_storage 9.2.4 (10.0.0 available)
  flutter_secure_storage_linux 1.2.3 (3.0.0 available)
  flutter_secure_storage_macos 3.1.3 (4.0.0 available)
  flutter_secure_storage_platform_interface 1.1.2 (2.0.1 available)
  flutter_secure_storage_web 1.2.1 (2.1.0 available)
  flutter_secure_storage_windows 3.1.2 (4.1.0 available)
  geocoding 3.0.0 (4.0.0 available)
  geocoding_android 3.3.1 (5.0.1 available)
  geocoding_platform_interface 3.2.0 (5.0.0 available)
  geolocator 12.0.0 (14.0.2 available)
  geolocator_android 4.6.2 (5.0.2 available)
  get_it 7.7.0 (9.2.1 available)
  hooks 1.0.1 (1.0.2 available)
  js 0.6.7 (0.7.2 available)
  lints 4.0.0 (6.1.0 available)
  matcher 0.12.18 (0.12.19 available)
  meta 1.17.0 (1.18.2 available)
  native_toolchain_c 0.17.4 (0.17.6 available)
  test_api 0.7.9 (0.7.11 available)
  vector_math 2.2.0 (2.3.0 available)
  win32 5.15.0 (6.0.0 available)
Got dependencies!
23 packages have newer versions incompatible with dependency constraints.
Try `flutter pub outdated` for more information.
00:00 +0: loading C:/Users/USUARIO/Documents/1 DARUIN/ServiZone/test/presentation/views/provider/provider_requests_flow_test.dart
flutter : lib/presentation/
views/common/booking_histor
y_screen.dart:390:41: 
Error: The type 
'BookingStatus' is not 
exhaustively matched by 
the switch cases since it 
doesn't match 
'BookingStatus.rechazada'.
En línea: 1 Carácter: 1
+ flutter test test/present
ation/views/provider/provid
er_requests_flow_ ...
+ ~~~~~~~~~~~~~~~~~~~~~~~~~
~~~~~~~~~~~~~~~~~~~~~~~~~~~
~~~~~~~~~~~~~~~~~
    + CategoryInfo         
     : NotSpecified: (lib  
  /presentatio...tus.rec   
 hazada'.:String) [], R    
emoteException
    + FullyQualifiedErrorI 
   d : NativeCommandError
 
 - 'BookingStatus' is from 
'package:servizone_app/data
/models/booking_model.dart'
 ('lib/data/models/booking_
model.dart').
Try adding a wildcard 
pattern or cases that 
match 
'BookingStatus.rechazada'.
    Color statusColor = 
switch (booking.status) {
                           
             ^
lib/presentation/views/comm
on/booking_history_screen.d
art:694:13: Error: The 
type 'BookingStatus' is 
not exhaustively matched 
by the switch cases since 
it doesn't match 
'BookingStatus.rechazada'.
 - 'BookingStatus' is from 
'package:servizone_app/data
/models/booking_model.dart'
 ('lib/data/models/booking_
model.dart').
Try adding a default case 
or cases that match 
'BookingStatus.rechazada'.
    switch (status) {
            ^
lib/presentation/views/clie
nt/client_bookings_screen.d
art:496:27: Error: The 
type 'BookingStatus' is 
not exhaustively matched 
by the switch cases since 
it doesn't match 
'BookingStatus.rechazada'.
 - 'BookingStatus' is from 
'package:servizone_app/data
/models/booking_model.dart'
 ('lib/data/models/booking_
model.dart').
Try adding a wildcard 
pattern or cases that 
match 
'BookingStatus.rechazada'.
    Color color = switch 
(status) {
                          ^
lib/presentation/views/clie
nt/client_bookings_screen.d
art:569:41: Error: The 
type 'BookingStatus' is 
not exhaustively matched 
by the switch cases since 
it doesn't match 
'BookingStatus.rechazada'.
 - 'BookingStatus' is from 
'package:servizone_app/data
/models/booking_model.dart'
 ('lib/data/models/booking_
model.dart').
Try adding a wildcard 
pattern or cases that 
match 
'BookingStatus.rechazada'.
    Color statusColor = 
switch (booking.status) {
                           
             ^
00:00 +0 -1: loading C:/Users/USUARIO/Documents/1 DARUIN/ServiZone/test/presentation/views/provider/provider_requests_flow_test.dart [E]
  Failed to load "C:/Users/USUARIO/Documents/1 DARUIN/ServiZone/test/presentation/views/provider/provider_requests_flow_test.dart":
  Compilation failed for testPath=C:/Users/USUARIO/Documents/1 DARUIN/ServiZone/test/presentation/views/provider/provider_requests_flow_test.dart: lib/presentation/views/common/booking_history_screen.dart:390:41: Error: The type 'BookingStatus' is not exhaustively matched by the switch cases since it doesn't match 'BookingStatus.rechazada'.
   - 'BookingStatus' is from 'package:servizone_app/data/models/booking_model.dart' ('lib/data/models/booking_model.dart').
  Try adding a wildcard pattern or cases that match 'BookingStatus.rechazada'.
      Color statusColor = switch (booking.status) {
                                          ^
  lib/presentation/views/common/booking_history_screen.dart:694:13: Error: The type 'BookingStatus' is not exhaustively matched by the switch cases since it doesn't match 'BookingStatus.rechazada'.
   - 'BookingStatus' is from 'package:servizone_app/data/models/booking_model.dart' ('lib/data/models/booking_model.dart').
  Try adding a default case or cases that match 'BookingStatus.rechazada'.
      switch (status) {
              ^
  lib/presentation/views/client/client_bookings_screen.dart:496:27: Error: The type 'BookingStatus' is not exhaustively matched by the switch cases since it doesn't match 'BookingStatus.rechazada'.
   - 'BookingStatus' is from 'package:servizone_app/data/models/booking_model.dart' ('lib/data/models/booking_model.dart').
  Try adding a wildcard pattern or cases that match 'BookingStatus.rechazada'.
      Color color = switch (status) {
                            ^
  lib/presentation/views/client/client_bookings_screen.dart:569:41: Error: The type 'BookingStatus' is not exhaustively matched by the switch cases since it doesn't match 'BookingStatus.rechazada'.
   - 'BookingStatus' is from 'package:servizone_app/data/models/booking_model.dart' ('lib/data/models/booking_model.dart').
  Try adding a wildcard pattern or cases that match 'BookingStatus.rechazada'.
      Color statusColor = switch (booking.status) {
                                          ^
  .
00:00 +0 -1: Some tests failed.
